---
source: tests/health/mod.rs
expression: res.to_json().unwrap()
---
{
  "components": {
    "db": {
      "status": "Healthy"
    }
  },
  "status": "Healthy"
}
