---
source: tests/health/mod.rs
expression: res.headers()
---
HTTP/1.1 200 OK
content-type: application/json
