---
source: tests/authentication/start.rs
expression: res.to_json().unwrap()
---
{
  "provider": "unknown",
  "status": 404,
  "title": "Requested provider is not known",
  "type": "tag:spacegame,2020:authentication/problems/unknown-provider"
}
