---
source: tests/authentication/start.rs
expression: res.to_json().unwrap()
---
{
  "status": 400,
  "title": "Provider name is invalid",
  "type": "tag:spacegame,2020:authentication/problems/invalid-provider-name"
}
